2026-05-18 22:56:28,848 - INFO - Initializing Binance Advanced Strategy Service for PAXGUSDT...
2026-05-18 22:56:30,870 - ERROR - MongoDB connection failed: localhost:27017: [Errno 61] Connection refused (configured timeouts: socketTimeoutMS: 20000.0ms, connectTimeoutMS: 20000.0ms), Timeout: 2.0s, Topology Description: <TopologyDescription id: 6a0b36acdcf088fbe2c7cd53, topology_type: Unknown, servers: [<ServerDescription ('localhost', 27017) server_type: Unknown, rtt: None, error=AutoReconnect('localhost:27017: [Errno 61] Connection refused (configured timeouts: socketTimeoutMS: 20000.0ms, connectTimeoutMS: 20000.0ms)')>]>. Running without DB saving.
2026-05-18 22:56:30,871 - INFO - Starting WebSocket connection...
2026-05-18 22:56:31,140 - ERROR - WebSocket Error: [SSL: CERTIFICATE_VERIFY_FAILED] certificate verify failed: self signed certificate in certificate chain (_ssl.c:1129)
2026-05-18 22:56:31,141 - WARNING - WebSocket Closed
2026-05-18 22:56:31,141 - WARNING - WebSocket run_forever exited. Reconnecting in 5 seconds...
2026-05-18 22:56:36,145 - INFO - Starting WebSocket connection...
2026-05-18 22:56:36,369 - ERROR - WebSocket Error: [SSL: CERTIFICATE_VERIFY_FAILED] certificate verify failed: self signed certificate in certificate chain (_ssl.c:1129)
2026-05-18 22:56:36,369 - WARNING - WebSocket Closed
2026-05-18 22:56:36,369 - WARNING - WebSocket run_forever exited. Reconnecting in 5 seconds...
2026-05-18 22:56:41,372 - INFO - Starting WebSocket connection...
2026-05-18 22:56:41,566 - ERROR - WebSocket Error: [SSL: CERTIFICATE_VERIFY_FAILED] certificate verify failed: self signed certificate in certificate chain (_ssl.c:1129)
2026-05-18 22:56:41,566 - WARNING - WebSocket Closed
2026-05-18 22:56:41,566 - WARNING - WebSocket run_forever exited. Reconnecting in 5 seconds...
2026-05-18 22:56:46,571 - INFO - Starting WebSocket connection...
2026-05-18 22:56:46,787 - ERROR - WebSocket Error: [SSL: CERTIFICATE_VERIFY_FAILED] certificate verify failed: self signed certificate in certificate chain (_ssl.c:1129)
2026-05-18 22:56:46,787 - WARNING - WebSocket Closed
2026-05-18 22:56:46,787 - WARNING - WebSocket run_forever exited. Reconnecting in 5 seconds...
2026-05-18 22:57:41,725 - INFO - Initializing Binance Advanced Strategy Service for PAXGUSDT...
2026-05-18 22:57:43,751 - ERROR - MongoDB connection failed: localhost:27017: [Errno 61] Connection refused (configured timeouts: socketTimeoutMS: 20000.0ms, connectTimeoutMS: 20000.0ms), Timeout: 2.0s, Topology Description: <TopologyDescription id: 6a0b36f5bac1c7f6f387433d, topology_type: Unknown, servers: [<ServerDescription ('localhost', 27017) server_type: Unknown, rtt: None, error=AutoReconnect('localhost:27017: [Errno 61] Connection refused (configured timeouts: socketTimeoutMS: 20000.0ms, connectTimeoutMS: 20000.0ms)')>]>. Running without DB saving.
2026-05-18 22:57:43,752 - INFO - Starting WebSocket connection...
2026-05-18 22:57:44,206 - INFO - Connected to Binance WebSocket for PAXGUSDT...
2026-05-18 22:58:25,542 - INFO - Initializing Binance Advanced Strategy Service for PAXGUSDT...
2026-05-18 22:58:27,568 - ERROR - MongoDB connection failed: localhost:27017: [Errno 61] Connection refused (configured timeouts: socketTimeoutMS: 20000.0ms, connectTimeoutMS: 20000.0ms), Timeout: 2.0s, Topology Description: <TopologyDescription id: 6a0b37219a8622c655ea3038, topology_type: Unknown, servers: [<ServerDescription ('localhost', 27017) server_type: Unknown, rtt: None, error=AutoReconnect('localhost:27017: [Errno 61] Connection refused (configured timeouts: socketTimeoutMS: 20000.0ms, connectTimeoutMS: 20000.0ms)')>]>. Running without DB saving.
2026-05-18 22:58:27,570 - INFO - Starting WebSocket connection...
2026-05-18 22:58:28,020 - INFO - Connected to Binance WebSocket for PAXGUSDT...
2026-05-18 22:59:00,004 - INFO - Evaluated 1m: Delta -0.66 | Close: 4540.32 | Imbalances: 3
